../board/board.c:376:6:BOARD_SetFlexspiClock	24	static
../board/board.c:301:6:BOARD_DeinitFlash	16	static
../board/board.c:317:6:BOARD_InitFlash	32	static
C:\MCUexpresso\aeviceMD12\rdrw612bga_lpc_i2c_polling_b2b_master_default\drivers/fsl_io_mux.h:1726:20:IO_MUX_SetPinOutLevelInSleep	32	static
C:\MCUexpresso\aeviceMD12\rdrw612bga_lpc_i2c_polling_b2b_master_default\drivers/fsl_io_mux.h:1778:20:IO_MUX_SetRfPinOutLevelInSleep	24	static
../board/board.c:36:6:BOARD_InitDebugConsole	16	static
../board/board.c:48:17:flexspi_hyper_ram_read_id	40	static
../board/board.c:67:17:flexspi_hyper_ram_read_register	48	static
../board/board.c:86:17:flexspi_hyper_ram_write_register	48	static
../board/board.c:106:10:BOARD_InitPsRam	232	static
../board/board.c:280:6:BOARD_InitSleepPinConfig	16	static
../board/board.c:402:13:LoadGdetCfg	56	static
../board/board.c:443:13:ConfigSvcSensor	56	static
../board/board.c:496:6:BOARD_ClockPreConfig	8	static
../board/board.c:520:6:BOARD_ClockPostConfig	8	static
